============================================================
  实验: E4b 小批次 bs=32（最优）
  模型: ConditionalAttnLSTM
  配置: lr=0.001, bs=32, epochs=30, optimizer=AdamW
============================================================

 Epoch    Train Loss    Valid Loss   Valid PPL
----------------------------------------------
     1      5.678099      5.272625      194.93
     2      5.146588      4.940696      139.87
     3      4.886965      4.719439      112.11
     4      4.696505      4.569130       96.46
     5      4.577480      4.496054       89.66
     6      4.502466      4.441114       84.87
     7      4.447629      4.409699       82.24
     8      4.403267      4.381592       79.97
     9      4.367282      4.360096       78.26
    10      4.335277      4.343380       76.97
    11      4.309476      4.327120       75.73
    12      4.285417      4.316238       74.91
    13      4.264836      4.307141       74.23
    14      4.245087      4.299040       73.63
    15      4.227615      4.291257       73.06
    16      4.212253      4.281709       72.36
    17      4.197437      4.274403       71.84
    18      4.183888      4.274601       71.85
    19      4.172235      4.266050       71.24
    20      4.160364      4.265943       71.23
    21      4.148988      4.259209       70.75
    22      4.140506      4.255744       70.51
    23      4.131732      4.255115       70.46
    24      4.121948      4.248957       70.03
    25      4.115088      4.248361       69.99
    26      4.106495      4.246884       69.89
    27      4.100122      4.244453       69.72
    28      4.093276      4.241090       69.48
    29      4.087956      4.239890       69.40
    30      4.080610      4.238262       69.29 ★
----------------------------------------------

最佳 Epoch: 30
最佳 Valid Loss: 4.238262
最佳 Valid PPL:  69.29
