============================================================
  实验: E1 修正基线 BaselineLSTM
  模型: BaselineLSTM
  配置: lr=0.001, bs=64, epochs=30, optimizer=Adam
============================================================

 Epoch    Train Loss    Valid Loss   Valid PPL
----------------------------------------------
     1      5.918037      5.473874      238.38
     2      5.385199      5.138650      170.49
     3      5.172054      4.970273      144.07
     4      5.026380      4.855278      128.42
     5      4.925567      4.773104      118.29
     6      4.858046      4.725090      112.74
     7      4.811785      4.692729      109.15
     8      4.779476      4.670107      106.71
     9      4.755659      4.646449      104.21
    10      4.736971      4.634443      102.97
    11      4.721876      4.617952      101.29
    12      4.709892      4.608454      100.33
    13      4.699192      4.597877       99.27
    14      4.689913      4.593537       98.84
    15      4.683094      4.588069       98.30
    16      4.677496      4.575936       97.12
    17      4.670864      4.577474       97.27
    18      4.665734      4.570783       96.62
    19      4.660800      4.563131       95.88
    20      4.657033      4.564909       96.05
    21      4.653057      4.559707       95.56
    22      4.649687      4.552714       94.89
    23      4.646889      4.551303       94.76
    24      4.643590      4.548982       94.54
    25      4.641425      4.544385       94.10
    26      4.638089      4.544991       94.16
    27      4.636298      4.547388       94.39
    28      4.633507      4.539743       93.67
    29      4.629814      4.528631       92.63
    30      4.616944      4.514119       91.30 ★
----------------------------------------------

最佳 Epoch: 30
最佳 Valid Loss: 4.514119
最佳 Valid PPL:  91.30
