============================================================
  实验: E3 模型改进 ConditionalAttnLSTM
  模型: ConditionalAttnLSTM
  配置: lr=0.001, bs=64, epochs=30, optimizer=AdamW
============================================================

 Epoch    Train Loss    Valid Loss   Valid PPL
----------------------------------------------
     1      5.811372      5.375624      216.07
     2      5.273059      5.107514      165.26
     3      5.039064      4.888844      132.80
     4      4.853271      4.739705      114.40
     5      4.712718      4.603505       99.83
     6      4.597184      4.521138       91.94
     7      4.519632      4.466220       87.03
     8      4.462995      4.428886       83.84
     9      4.418445      4.400072       81.46
    10      4.381614      4.377486       79.64
    11      4.350330      4.360665       78.31
    12      4.323591      4.345621       77.14
    13      4.299517      4.332068       76.10
    14      4.278673      4.319694       75.17
    15      4.259217      4.313221       74.68
    16      4.242590      4.304162       74.01
    17      4.226197      4.299096       73.63
    18      4.212181      4.291792       73.10
    19      4.198204      4.286092       72.68
    20      4.186243      4.281057       72.32
    21      4.173089      4.277623       72.07
    22      4.162043      4.276139       71.96
    23      4.151532      4.272679       71.71
    24      4.142466      4.265667       71.21
    25      4.133350      4.264765       71.15
    26      4.124275      4.260908       70.87
    27      4.116297      4.257024       70.60
    28      4.108673      4.254984       70.46
    29      4.100665      4.254232       70.40
    30      4.093808      4.253404       70.34 ★
----------------------------------------------

最佳 Epoch: 30
最佳 Valid Loss: 4.253404
最佳 Valid PPL:  70.34
