============================================================
  实验: E4a 低学习率 lr=0.0005
  模型: ConditionalAttnLSTM
  配置: lr=0.0005, bs=64, epochs=30, optimizer=AdamW
============================================================

 Epoch    Train Loss    Valid Loss   Valid PPL
----------------------------------------------
     1      5.996919      5.594567      268.96
     2      5.471350      5.325479      205.51
     3      5.274728      5.173810      176.59
     4      5.133806      5.043445      155.00
     5      5.007935      4.924077      137.56
     6      4.894073      4.820229      123.99
     7      4.802476      4.742606      114.73
     8      4.720299      4.662045      105.85
     9      4.640575      4.590476       98.54
    10      4.575572      4.536870       93.40
    11      4.524144      4.498795       89.91
    12      4.482000      4.468537       87.23
    13      4.446447      4.441041       84.86
    14      4.416211      4.420065       83.10
    15      4.390948      4.403549       81.74
    16      4.367117      4.387844       80.47
    17      4.346070      4.377733       79.66
    18      4.327801      4.363379       78.52
    19      4.309744      4.353770       77.77
    20      4.292934      4.346114       77.18
    21      4.279163      4.338386       76.58
    22      4.264698      4.330943       76.02
    23      4.251597      4.326751       75.70
    24      4.239333      4.318862       75.10
    25      4.228405      4.315152       74.82
    26      4.216973      4.310620       74.49
    27      4.207322      4.303567       73.96
    28      4.197208      4.298490       73.59
    29      4.187978      4.300725       73.75
    30      4.179855      4.294121       73.27 ★
----------------------------------------------

最佳 Epoch: 30
最佳 Valid Loss: 4.294121
最佳 Valid PPL:  73.27
